<html>
<body>
<pre>
<h1>µVision Build Log</h1>
<h2>Tool Versions:</h2>
IDE-Version: ¦ÌVision V5.36.0.0
Copyright (C) 2021 ARM Ltd and ARM Germany GmbH. All rights reserved.
License Information: h h'sh, sh, LIC=CZLZX-H3695-X79RZ-JB449-2WWZG-U927H
 
Tool Versions:
Toolchain:       MDK-ARM Plus  Version: 5.36.0.0
Toolchain Path:  D:\Keil_v5.36\ARM\ARMCC\Bin
C Compiler:      Armcc.exe V5.06 update 7 (build 960)
Assembler:       Armasm.exe V5.06 update 7 (build 960)
Linker/Locator:  ArmLink.exe V5.06 update 7 (build 960)
Library Manager: ArmAr.exe V5.06 update 7 (build 960)
Hex Converter:   FromElf.exe V5.06 update 7 (build 960)
CPU DLL:         SARMCM3.DLL V5.36.0.0
Dialog DLL:      DARMSTM.DLL V1.68.0.0
Target DLL:      UL2CM3.DLL V1.164.0.0
Dialog DLL:      TARMSTM.DLL V1.66.0.0
 
<h2>Project:</h2>
E:\Tool\FreeRTOS_USER_F103\FreeRTOS\Demo\CORTEX_STM32F103_Keil\RTOSDemo.uvprojx
Project File Date:  07/23/2024

<h2>Output:</h2>
*** Using Compiler 'V5.06 update 7 (build 960)', folder: 'D:\Keil_v5.36\ARM\ARMCC\Bin'
Rebuild target 'Target 1'
assembling cortexm3_macro_rvds.s...
assembling STM32F10x.s...
compiling stm32f10x_gpio.c...
compiling stm32f10x_usart.c...
compiling stm32f10x_rcc.c...
compiling stm32f10x_lib.c...
compiling stm32f10x_nvic.c...
compiling lcd.c...
compiling stm32f10x_spi.c...
compiling stm32f10x_systick.c...
compiling ParTest.c...
compiling timertest.c...
compiling stm32f10x_tim.c...
compiling serial.c...
compiling main.c...
compiling spi_flash.c...
compiling semtest.c...
compiling BlockQ.c...
compiling blocktim.c...
compiling comtest.c...
compiling death.c...
compiling flash.c...
compiling integer.c...
compiling PollQ.c...
compiling list.c...
compiling heap_2.c...
compiling queue.c...
compiling tasks.c...
compiling port.c...
linking...
Program Size: Code=24934 RO-data=14530 RW-data=256 ZI-data=18152  
".\RTOSDemo.axf" - 0 Error(s), 0 Warning(s).

<h2>Software Packages used:</h2>

Package Vendor: Keil
                https://www.keil.com/pack/Keil.STM32F1xx_DFP.2.4.1.pack
                Keil.STM32F1xx_DFP.2.4.1
                STMicroelectronics STM32F1 Series Device Support, Drivers and Examples

<h2>Collection of Component include folders:</h2>
  D:\Keil_v5.36\ARM\PACK\Keil\STM32F1xx_DFP\2.4.1\Device\Include

<h2>Collection of Component Files used:</h2>
Build Time Elapsed:  00:00:03
</pre>
</body>
</html>
